################################################################################
#                                                                              #
#      IAR Universal Linker V6.2.0.62                                          #
#                                                                              #
#           Link time     =  13/Jul/2015  14:34:55                             #
#           Target CPU    =  MSP430                                            #
#           List file     =  C:\Users\kieutq\Desktop\MSP430F5309_CC1200_UARTGa #
#                            teway\IAR\Debug\List\UARTGateway.map              #
#           Output file 1 =  C:\Users\kieutq\Desktop\MSP430F5309_CC1200_UARTGa #
#                            teway\IAR\Debug\Exe\UARTGateway.d43               #
#                            Format: ubrof10                                   #
#                            UBROF version 10.0.6                              #
#                            Using library modules for C-SPY (-rt)             #
#           Command line  =  C:\Users\kieutq\Desktop\MSP430F5309_CC1200_UARTGa #
#                            teway\IAR\Debug\Obj\adc10_a.r43                   #
#                            C:\Users\kieutq\Desktop\MSP430F5309_CC1200_UARTGa #
#                            teway\IAR\Debug\Obj\bsp.r43                       #
#                            C:\Users\kieutq\Desktop\MSP430F5309_CC1200_UARTGa #
#                            teway\IAR\Debug\Obj\bsp_uart.r43                  #
#                            C:\Users\kieutq\Desktop\MSP430F5309_CC1200_UARTGa #
#                            teway\IAR\Debug\Obj\cc120x_spi.r43                #
#                            C:\Users\kieutq\Desktop\MSP430F5309_CC1200_UARTGa #
#                            teway\IAR\Debug\Obj\gpio.r43                      #
#                            C:\Users\kieutq\Desktop\MSP430F5309_CC1200_UARTGa #
#                            teway\IAR\Debug\Obj\hal_spi_rf_trxeb.r43          #
#                            C:\Users\kieutq\Desktop\MSP430F5309_CC1200_UARTGa #
#                            teway\IAR\Debug\Obj\io_pin_int.r43                #
#                            C:\Users\kieutq\Desktop\MSP430F5309_CC1200_UARTGa #
#                            teway\IAR\Debug\Obj\LEDs.r43                      #
#                            C:\Users\kieutq\Desktop\MSP430F5309_CC1200_UARTGa #
#                            teway\IAR\Debug\Obj\main.r43                      #
#                            C:\Users\kieutq\Desktop\MSP430F5309_CC1200_UARTGa #
#                            teway\IAR\Debug\Obj\relays.r43                    #
#                            C:\Users\kieutq\Desktop\MSP430F5309_CC1200_UARTGa #
#                            teway\IAR\Debug\Obj\rf_conf.r43                   #
#                            -o                                                #
#                            C:\Users\kieutq\Desktop\MSP430F5309_CC1200_UARTGa #
#                            teway\IAR\Debug\Exe\UARTGateway.d43               #
#                            -l                                                #
#                            C:\Users\kieutq\Desktop\MSP430F5309_CC1200_UARTGa #
#                            teway\IAR\Debug\List\UARTGateway.map              #
#                            -xmsni                                            #
#                            "-IC:\Program Files (x86)\IAR Systems\Embedded Wo #
#                            rkbench 7.2\430\LIB\"                             #
#                            -f                                                #
#                            "C:\Program Files (x86)\IAR Systems\Embedded Work #
#                            bench 7.2\430\config\linker\lnk430f5309.xcl"      #
#                            (-cmsp430 -D?CPU30_OFFSET=2 -QCODE_I=CODE_ID      #
#                            -QTLS16_I=TLS16_ID -D__iar_HWMUL=4C0              #
#                            -Z(CONST)INFO=1800-19FF                           #
#                            -Z(CONST)INFOA=1980-19FF                          #
#                            -Z(CONST)INFOB=1900-197F                          #
#                            -Z(CONST)INFOC=1880-18FF                          #
#                            -Z(CONST)INFOD=1800-187F                          #
#                            -Z(DATA)DATA16_I,DATA16_Z,DATA16_N,TLS16_I=1C00-3 #
#                            3FF                                               #
#                            -Z(DATA)DATA16_HEAP+_DATA16_HEAP_SIZE             #
#                            -Z(DATA)CODE_I                                    #
#                            -Z(DATA)DATA20_I,DATA20_Z,DATA20_N,DATA20_HEAP+_D #
#                            ATA20_HEAP_SIZE                                   #
#                            -Z(DATA)CSTACK+_STACK_SIZE#                       #
#                            -Z(CONST)DATA16_C,DATA16_ID,TLS16_ID,DIFUNCT,CHEC #
#                            KSUM=A000-FF7F                                    #
#                            -Z(CONST)DATA20_C,DATA20_ID                       #
#                            -Z(CODE)CSTART,ISR_CODE,CODE_ID=A000-FF7F         #
#                            -P(CODE)CODE,CODE16=A000-FF7F                     #
#                            -Z(CODE)INTVEC=FF80-FFFF                          #
#                            -Z(CODE)RESET=FFFE-FFFF) -f                       #
#                            "C:\Program Files (x86)\IAR Systems\Embedded Work #
#                            bench 7.2\430\config\linker\multiplier32.xcl"     #
#                            (-e?Mul8Hw=?Mul8 -e?Mul16Hw=?Mul16                #
#                            -e?Mul16to32uHw=?Mul16to32u                       #
#                            -e?Mul16to32sHw=?Mul16to32s -e?Mul32Hw32=?Mul32   #
#                            -e?Mul64Hw32=_Mul64i                              #
#                            -e?Mul32u32uto64iHw32=_Mul32u32uto64i             #
#                            -e?Mul32fHw=_Mul32f -e_Mul64fHwPtr=_Mul64fPtr)    #
#                            -D_STACK_SIZE=A0 -rt                              #
#                            "C:\Program Files (x86)\IAR Systems\Embedded Work #
#                            bench 7.2\430\lib\dlib\dl430xlsfn.r43"            #
#                            -e_PrintfLarge=_Printf -e_ScanfLarge=_Scanf       #
#                            -D_DATA16_HEAP_SIZE=A0 -s __program_start         #
#                            -D_DATA20_HEAP_SIZE=50                            #
#                                                                              #
#                           Copyright (C) 1987-2015 IAR Systems AB.            #
################################################################################





                ****************************************
                *                                      *
                *           CROSS REFERENCE            *
                *                                      *
                ****************************************

       Program entry at :           A044  Relocatable, from module : ?cstart




                ****************************************
                *                                      *
                *            RUNTIME MODEL             *
                *                                      *
                ****************************************

  __Heap_Handler             = Basic
  __SystemLibrary            = DLib
  __code_model               = large
  __core                     = 430X
  __data_model               = small
  __dlib_file_descriptor     = 0
  __dlib_full_locale_support = 0
  __double_size              = 32
  __pic                      = no
  __reg_r4                   = free
  __reg_r5                   = free
  __rt_version               = 3

                ****************************************
                *                                      *
                *    AUTOMATIC SYMBOL REDIRECTIONS     *
                *                                      *
                ****************************************

                  There are no automatic symbol redirections.



                ****************************************
                *                                      *
                *              MODULE MAP              *
                *                                      *
                ****************************************


  DEFINED ABSOLUTE ENTRIES
    *************************************************************************

  DEFINED ABSOLUTE ENTRIES
  PROGRAM MODULE, NAME : ?ABS_ENTRY_MOD

Absolute parts
           ENTRY                   ADDRESS         REF BY
           =====                   =======         ======
           _DATA20_HEAP_SIZE       0050 
           _DATA16_HEAP_SIZE       00A0 
           _STACK_SIZE             00A0 
           __iar_HWMUL             04C0 
           ?CPU30_OFFSET           0002 
    *************************************************************************

  FILE NAME : C:\Users\kieutq\Desktop\MSP430F5309_CC1200_UARTGateway\IAR\Debug\Obj\adc10_a.r43
  PROGRAM MODULE, NAME : adc10_a

  SEGMENTS IN THE MODULE
  ======================
CODE
  Segment part 23. NOT NEEDED.
           ENTRY                   ADDRESS         REF BY
           =====                   =======         ======
           ADC10_A_init            
    -------------------------------------------------------------------------
CODE
  Segment part 22. NOT NEEDED.
           ENTRY                   ADDRESS         REF BY
           =====                   =======         ======
           ADC10_A_enable          
    -------------------------------------------------------------------------
CODE
  Segment part 21. NOT NEEDED.
           ENTRY                   ADDRESS         REF BY
           =====                   =======         ======
           ADC10_A_disable         
    -------------------------------------------------------------------------
CODE
  Segment part 20. NOT NEEDED.
           ENTRY                   ADDRESS         REF BY
           =====                   =======         ======
           ADC10_A_setupSamplingTimer
                                   
    -------------------------------------------------------------------------
CODE
  Segment part 19. NOT NEEDED.
           ENTRY                   ADDRESS         REF BY
           =====                   =======         ======
           ADC10_A_disableSamplingTimer
                                   
    -------------------------------------------------------------------------
CODE
  Segment part 18. NOT NEEDED.
           ENTRY                   ADDRESS         REF BY
           =====                   =======         ======
           ADC10_A_configureMemory
                                   
    -------------------------------------------------------------------------
CODE
  Segment part 17. NOT NEEDED.
           ENTRY                   ADDRESS         REF BY
           =====                   =======         ======
           ADC10_A_enableInterrupt
                                   
    -------------------------------------------------------------------------
CODE
  Segment part 16. NOT NEEDED.
           ENTRY                   ADDRESS         REF BY
           =====                   =======         ======
           ADC10_A_disableInterrupt
                                   
    -------------------------------------------------------------------------
CODE
  Segment part 15. NOT NEEDED.
           ENTRY                   ADDRESS         REF BY
           =====                   =======         ======
           ADC10_A_clearInterrupt
                                   
    -------------------------------------------------------------------------
CODE
  Segment part 14. NOT NEEDED.
           ENTRY                   ADDRESS         REF BY
           =====                   =======         ======
           ADC10_A_getInterruptStatus
                                   
    -------------------------------------------------------------------------
CODE
  Segment part 13. NOT NEEDED.
           ENTRY                   ADDRESS         REF BY
           =====                   =======         ======
           ADC10_A_startConversion
                                   
    -------------------------------------------------------------------------
CODE
  Segment part 12. NOT NEEDED.
           ENTRY                   ADDRESS         REF BY
           =====                   =======         ======
           ADC10_A_disableConversions
                                   
    -------------------------------------------------------------------------
CODE
  Segment part 11. NOT NEEDED.
           ENTRY                   ADDRESS         REF BY
           =====                   =======         ======
           ADC10_A_getResults      
    -------------------------------------------------------------------------
CODE
  Segment part 10. NOT NEEDED.
           ENTRY                   ADDRESS         REF BY
           =====                   =======         ======
           ADC10_A_setResolution   
    -------------------------------------------------------------------------
CODE
  Segment part 9. NOT NEEDED.
           ENTRY                   ADDRESS         REF BY
           =====                   =======         ======
           ADC10_A_setSampleHoldSignalInversion
                                   
    -------------------------------------------------------------------------
CODE
  Segment part 8. NOT NEEDED.
           ENTRY                   ADDRESS         REF BY
           =====                   =======         ======
           ADC10_A_setDataReadBackFormat
                                   
    -------------------------------------------------------------------------
CODE
  Segment part 7. NOT NEEDED.
           ENTRY                   ADDRESS         REF BY
           =====                   =======         ======
           ADC10_A_enableReferenceBurst
                                   
    -------------------------------------------------------------------------
CODE
  Segment part 6. NOT NEEDED.
           ENTRY                   ADDRESS         REF BY
           =====                   =======         ======
           ADC10_A_disableReferenceBurst
                                   
    -------------------------------------------------------------------------
CODE
  Segment part 5. NOT NEEDED.
           ENTRY                   ADDRESS         REF BY
           =====                   =======         ======
           ADC10_A_setReferenceBufferSamplingRate
                                   
    -------------------------------------------------------------------------
CODE
  Segment part 4. NOT NEEDED.
           ENTRY                   ADDRESS         REF BY
           =====                   =======         ======
           ADC10_A_setWindowComp   
    -------------------------------------------------------------------------
CODE
  Segment part 3. NOT NEEDED.
           ENTRY                   ADDRESS         REF BY
           =====                   =======         ======
           ADC10_A_getMemoryAddressForDMA
                                   
    -------------------------------------------------------------------------
CODE
  Segment part 2. NOT NEEDED.
           ENTRY                   ADDRESS         REF BY
           =====                   =======         ======
           ADC10_A_isBusy          
    -------------------------------------------------------------------------
CSTACK
  Segment part 1. NOT NEEDED.
    -------------------------------------------------------------------------
CODE
  Segment part 24. NOT NEEDED.
           ENTRY                   ADDRESS         REF BY
           =====                   =======         ======
           ?setjmp_save_r4         
    -------------------------------------------------------------------------
CODE
  Segment part 25. NOT NEEDED.
           ENTRY                   ADDRESS         REF BY
           =====                   =======         ======
           ?setjmp_save_r5         

    *************************************************************************

  FILE NAME : C:\Users\kieutq\Desktop\MSP430F5309_CC1200_UARTGateway\IAR\Debug\Obj\bsp.r43
  PROGRAM MODULE, NAME : bsp

  SEGMENTS IN THE MODULE
  ======================
DATA16_AN
  Relative segment, address: 024A - 024B (0x2 bytes), align: 0
  Segment part 1. ROOT        Intra module refs:   Relay_Init (relays)
                                                   bspInit
           ENTRY                   ADDRESS         REF BY
           =====                   =======         ======
           _A_PCSEL_L              024A 
           LOCAL                   ADDRESS         
           =====                   =======         
           PCSEL                   024A 
           PCSEL_H                 024B 
           PCSEL_L                 024A 
    -------------------------------------------------------------------------
DATA16_AN
  Relative segment, address: 0120 - 0121 (0x2 bytes), align: 0
  Segment part 2. ROOT        Intra module refs:   SetVcoreUp
           ENTRY                   ADDRESS         REF BY
           =====                   =======         ======
           _A_PMMCTL0_L            0120 
           LOCAL                   ADDRESS         
           =====                   =======         
           PMMCTL0                 0120 
           PMMCTL0_H               0121 
           PMMCTL0_L               0120 
    -------------------------------------------------------------------------
DATA16_AN
  Relative segment, address: 0124 - 0125 (0x2 bytes), align: 0
  Segment part 3. ROOT        Intra module refs:   SetVcoreUp
           ENTRY                   ADDRESS         REF BY
           =====                   =======         ======
           _A_SVSMHCTL_L           0124 
           LOCAL                   ADDRESS         
           =====                   =======         
           SVSMHCTL                0124 
           SVSMHCTL_H              0125 
           SVSMHCTL_L              0124 
    -------------------------------------------------------------------------
DATA16_AN
  Relative segment, address: 0126 - 0127 (0x2 bytes), align: 0
  Segment part 4. ROOT        Intra module refs:   SetVcoreUp
           ENTRY                   ADDRESS         REF BY
           =====                   =======         ======
           _A_SVSMLCTL_L           0126 
           LOCAL                   ADDRESS         
           =====                   =======         
           SVSMLCTL                0126 
           SVSMLCTL_H              0127 
           SVSMLCTL_L              0126 
    -------------------------------------------------------------------------
DATA16_AN
  Relative segment, address: 012C - 012D (0x2 bytes), align: 0
  Segment part 5. ROOT        Intra module refs:   SetVcoreUp
           ENTRY                   ADDRESS         REF BY
           =====                   =======         ======
           _A_PMMIFG_L             012C 
           LOCAL                   ADDRESS         
           =====                   =======         
           PMMIFG                  012C 
           PMMIFG_H                012D 
           PMMIFG_L                012C 
    -------------------------------------------------------------------------
DATA16_AN
  Relative segment, address: 0102 - 0103 (0x2 bytes), align: 0
  Segment part 6. ROOT        Intra module refs:   bspSysClockSpeedSet
           ENTRY                   ADDRESS         REF BY
           =====                   =======         ======
           _A_SFRIFG1_L            0102 
           LOCAL                   ADDRESS         
           =====                   =======         
           SFRIFG1                 0102 
           SFRIFG1_H               0103 
           SFRIFG1_L               0102 
    -------------------------------------------------------------------------
DATA16_AN
  Relative segment, address: 0160 - 0161 (0x2 bytes), align: 0
  Segment part 7. ROOT        Intra module refs:   bspSysClockSpeedSet
           ENTRY                   ADDRESS         REF BY
           =====                   =======         ======
           _A_UCSCTL0_L            0160 
           LOCAL                   ADDRESS         
           =====                   =======         
           UCSCTL0                 0160 
           UCSCTL0_H               0161 
           UCSCTL0_L               0160 
    -------------------------------------------------------------------------
DATA16_AN
  Relative segment, address: 0162 - 0163 (0x2 bytes), align: 0
  Segment part 8. ROOT        Intra module refs:   bspSysClockSpeedSet
           ENTRY                   ADDRESS         REF BY
           =====                   =======         ======
           _A_UCSCTL1_L            0162 
           LOCAL                   ADDRESS         
           =====                   =======         
           UCSCTL1                 0162 
           UCSCTL1_H               0163 
           UCSCTL1_L               0162 
    -------------------------------------------------------------------------
DATA16_AN
  Relative segment, address: 0164 - 0165 (0x2 bytes), align: 0
  Segment part 9. ROOT        Intra module refs:   bspSysClockSpeedSet
           ENTRY                   ADDRESS         REF BY
           =====                   =======         ======
           _A_UCSCTL2_L            0164 
           LOCAL                   ADDRESS         
           =====                   =======         
           UCSCTL2                 0164 
           UCSCTL2_H               0165 
           UCSCTL2_L               0164 
    -------------------------------------------------------------------------
DATA16_AN
  Relative segment, address: 0166 - 0167 (0x2 bytes), align: 0
  Segment part 10. ROOT       Intra module refs:   bspSysClockSpeedSet
           ENTRY                   ADDRESS         REF BY
           =====                   =======         ======
           _A_UCSCTL3_L            0166 
           LOCAL                   ADDRESS         
           =====                   =======         
           UCSCTL3                 0166 
           UCSCTL3_H               0167 
           UCSCTL3_L               0166 
    -------------------------------------------------------------------------
DATA16_AN
  Relative segment, address: 0168 - 0169 (0x2 bytes), align: 0
  Segment part 11. ROOT       Intra module refs:   bspSysClockSpeedSet
           ENTRY                   ADDRESS         REF BY
           =====                   =======         ======
           _A_UCSCTL4_L            0168 
           LOCAL                   ADDRESS         
           =====                   =======         
           UCSCTL4                 0168 
           UCSCTL4_H               0169 
           UCSCTL4_L               0168 
    -------------------------------------------------------------------------
DATA16_AN
  Relative segment, address: 016E - 016F (0x2 bytes), align: 0
  Segment part 12. ROOT       Intra module refs:   bspSysClockSpeedSet
           ENTRY                   ADDRESS         REF BY
           =====                   =======         ======
           _A_UCSCTL7_L            016E 
           LOCAL                   ADDRESS         
           =====                   =======         
           UCSCTL7                 016E 
           UCSCTL7_H               016F 
           UCSCTL7_L               016E 
    -------------------------------------------------------------------------
DATA16_AN
  Relative segment, address: 015C - 015D (0x2 bytes), align: 0
  Segment part 13. ROOT       Intra module refs:   bspInit
           ENTRY                   ADDRESS         REF BY
           =====                   =======         ======
           _A_WDTCTL_L             015C 
           LOCAL                   ADDRESS         
           =====                   =======         
           WDTCTL                  015C 
           WDTCTL_H                015D 
           WDTCTL_L                015C 
    -------------------------------------------------------------------------
DATA16_Z
  Relative segment, address: 1C00 - 1C03 (0x4 bytes), align: 1
  Segment part 15.            Intra module refs:   bspSysClockSpeedSet
           LOCAL                   ADDRESS         
           =====                   =======         
           ui32BspMclkSpeed        1C00 
    -------------------------------------------------------------------------
<CODE> 1 (was CODE)
  Relative segment, address: A390 - A3B1 (0x22 bytes), align: 1
  Segment part 20.
           ENTRY                   ADDRESS         REF BY
           =====                   =======         ======
           bspInit                 A390            main (main)
               calls direct
    -------------------------------------------------------------------------
CODE
  Segment part 19. NOT NEEDED.
           ENTRY                   ADDRESS         REF BY
           =====                   =======         ======
           bspSysClockSpeedGet     
    -------------------------------------------------------------------------
CODE
  Segment part 18. NOT NEEDED.
           ENTRY                   ADDRESS         REF BY
           =====                   =======         ======
           bspAssert               
    -------------------------------------------------------------------------
<CODE> 1 (was CODE)
  Relative segment, address: A250 - A2A5 (0x56 bytes), align: 1
  Segment part 17.            Intra module refs:   bspSysClockSpeedSet
           ENTRY                   ADDRESS         REF BY
           =====                   =======         ======
           SetVcoreUp              A250 
    -------------------------------------------------------------------------
<CODE> 1 (was CODE)
  Relative segment, address: A1EC - A24F (0x64 bytes), align: 1
  Segment part 16.            Intra module refs:   bspInit
           ENTRY                   ADDRESS         REF BY
           =====                   =======         ======
           bspSysClockSpeedSet     A1EC 
               calls direct
    -------------------------------------------------------------------------
CSTACK
  Segment part 14. NOT NEEDED.
    -------------------------------------------------------------------------
CODE
  Segment part 21. TENTATIVE. Used definition from adc10_a
           ENTRY                   ADDRESS         REF BY
           =====                   =======         ======
           ?setjmp_save_r4         
    -------------------------------------------------------------------------
CODE
  Segment part 22. TENTATIVE. Used definition from adc10_a
           ENTRY                   ADDRESS         REF BY
           =====                   =======         ======
           ?setjmp_save_r5         

    *************************************************************************

  FILE NAME : C:\Users\kieutq\Desktop\MSP430F5309_CC1200_UARTGateway\IAR\Debug\Obj\bsp_uart.r43
  PROGRAM MODULE, NAME : bsp_uart

  SEGMENTS IN THE MODULE
  ======================
DATA16_AN
  Relative segment, address: 022A - 022B (0x2 bytes), align: 0
  Segment part 1. ROOT        Intra module refs:   bspUartInit
           ENTRY                   ADDRESS         REF BY
           =====                   =======         ======
           _A_PBSEL_L              022A 
           LOCAL                   ADDRESS         
           =====                   =======         
           PBSEL                   022A 
           PBSEL_H                 022B 
           PBSEL_L                 022A 
    -------------------------------------------------------------------------
DATA16_AN
  Relative segment, address: 0600 - 0601 (0x2 bytes), align: 0
  Segment part 2. ROOT        Intra module refs:   bspUartInit
           ENTRY                   ADDRESS         REF BY
           =====                   =======         ======
           _A_UCA1CTLW0_L          0600 
           LOCAL                   ADDRESS         
           =====                   =======         
           UCA1CTLW0               0600 
           UCA1CTLW0_H             0601 
           UCA1CTLW0_L             0600 
    -------------------------------------------------------------------------
DATA16_AN
  Relative segment, address: 0606 - 0607 (0x2 bytes), align: 0
  Segment part 3. ROOT        Intra module refs:   bspUartInit
           ENTRY                   ADDRESS         REF BY
           =====                   =======         ======
           _A_UCA1BRW_L            0606 
           LOCAL                   ADDRESS         
           =====                   =======         
           UCA1BRW                 0606 
           UCA1BRW_H               0607 
           UCA1BRW_L               0606 
    -------------------------------------------------------------------------
DATA16_AN
  Relative segment, address: 0608 - 0608 (0x1 bytes), align: 0
  Segment part 4. ROOT        Intra module refs:   bspUartInit
           ENTRY                   ADDRESS         REF BY
           =====                   =======         ======
           UCA1MCTL                0608 
    -------------------------------------------------------------------------
DATA16_AN
  Relative segment, address: 060C - 060C (0x1 bytes), align: 0
  Segment part 5. ROOT        Intra module refs:   USCI_A1_ISR
           ENTRY                   ADDRESS         REF BY
           =====                   =======         ======
           UCA1RXBUF               060C 
    -------------------------------------------------------------------------
DATA16_AN
  Relative segment, address: 060E - 060E (0x1 bytes), align: 0
  Segment part 6. ROOT        Intra module refs:   bspUartDataPut
           ENTRY                   ADDRESS         REF BY
           =====                   =======         ======
           UCA1TXBUF               060E 
    -------------------------------------------------------------------------
DATA16_AN
  Relative segment, address: 061C - 061D (0x2 bytes), align: 0
  Segment part 7. ROOT        Intra module refs:   bspUartDataPut
                                                   bspUartInit
           ENTRY                   ADDRESS         REF BY
           =====                   =======         ======
           _A_UCA1ICTL_L           061C 
           LOCAL                   ADDRESS         
           =====                   =======         
           UCA1ICTL                061C 
           UCA1ICTL_H              061D 
           UCA1ICTL_L              061C 
    -------------------------------------------------------------------------
DATA16_AN
  Relative segment, address: 061E - 061F (0x2 bytes), align: 0
  Segment part 8. ROOT        Intra module refs:   USCI_A1_ISR
           ENTRY                   ADDRESS         REF BY
           =====                   =======         ======
           UCA1IV                  061E 
    -------------------------------------------------------------------------
DATA16_Z
  Relative segment, address: 1C04 - 1C05 (0x2 bytes), align: 1
  Segment part 11.            Intra module refs:   USCI_A1_ISR
                                                   bspUartDataGet
           ENTRY                   ADDRESS         REF BY
           =====                   =======         ======
           RxCount                 1C04 
    -------------------------------------------------------------------------
DATA16_Z
  Relative segment, address: 1C06 - 1C07 (0x2 bytes), align: 1
  Segment part 12.            Intra module refs:   USCI_A1_ISR
                                                   bspUartDataGet
           ENTRY                   ADDRESS         REF BY
           =====                   =======         ======
           RxIndex                 1C06 
    -------------------------------------------------------------------------
DATA16_Z
  Relative segment, address: 1C4A - 1D48 (0xff bytes), align: 0
  Segment part 13.            Intra module refs:   USCI_A1_ISR
                                                   bspUartDataGet
           ENTRY                   ADDRESS         REF BY
           =====                   =======         ======
           RxBuffer                1C4A 
    -------------------------------------------------------------------------
<CODE> 1 (was CODE)
  Relative segment, address: A368 - A38F (0x28 bytes), align: 1
  Segment part 17.
           ENTRY                   ADDRESS         REF BY
           =====                   =======         ======
           bspUartInit             A368            main (main)
    -------------------------------------------------------------------------
<CODE> 1 (was CODE)
  Relative segment, address: A312 - A33D (0x2c bytes), align: 1
  Segment part 16.
           ENTRY                   ADDRESS         REF BY
           =====                   =======         ======
           bspUartDataGet          A312            main (main)
               calls direct
    -------------------------------------------------------------------------
<CODE> 1 (was CODE)
  Relative segment, address: A48E - A4AB (0x1e bytes), align: 1
  Segment part 15.
           ENTRY                   ADDRESS         REF BY
           =====                   =======         ======
           bspUartDataPut          A48E            main (main)
    -------------------------------------------------------------------------
ISR_CODE
  Relative segment, address: A05C - A07B (0x20 bytes), align: 1
  Segment part 14.            Intra module refs:   USCI_A1_ISR::??INTVEC 92
           ENTRY                   ADDRESS         REF BY
           =====                   =======         ======
           USCI_A1_ISR             A05C 
               interrupt function
    -------------------------------------------------------------------------
INTVEC
  Common segment, address: FF80 - FFDD (0x5e bytes), align: 1
  Segment part 9. ROOT 
           ENTRY                   ADDRESS         REF BY
           =====                   =======         ======
           USCI_A1_ISR::??INTVEC 92
                                   FFDC 
    -------------------------------------------------------------------------
CSTACK
  Segment part 10. NOT NEEDED.
    -------------------------------------------------------------------------
CODE
  Segment part 18. TENTATIVE. Used definition from adc10_a
           ENTRY                   ADDRESS         REF BY
           =====                   =======         ======
           ?setjmp_save_r4         
    -------------------------------------------------------------------------
CODE
  Segment part 19. TENTATIVE. Used definition from adc10_a
           ENTRY                   ADDRESS         REF BY
           =====                   =======         ======
           ?setjmp_save_r5         

    *************************************************************************

  FILE NAME : C:\Users\kieutq\Desktop\MSP430F5309_CC1200_UARTGateway\IAR\Debug\Obj\cc120x_spi.r43
  PROGRAM MODULE, NAME : cc120x_spi

  SEGMENTS IN THE MODULE
  ======================
CODE
  Segment part 7. NOT NEEDED.
           ENTRY                   ADDRESS         REF BY
           =====                   =======         ======
           cc120xSpiReadReg        
               calls direct
    -------------------------------------------------------------------------
CODE
  Segment part 6. NOT NEEDED.
           ENTRY                   ADDRESS         REF BY
           =====                   =======         ======
           cc120xSpiWriteReg       
               calls direct
    -------------------------------------------------------------------------
CODE
  Segment part 5. NOT NEEDED.
           ENTRY                   ADDRESS         REF BY
           =====                   =======         ======
           cc120xSpiWriteTxFifo    
               calls direct
    -------------------------------------------------------------------------
CODE
  Segment part 4. NOT NEEDED.
           ENTRY                   ADDRESS         REF BY
           =====                   =======         ======
           cc120xSpiReadRxFifo     
               calls direct
    -------------------------------------------------------------------------
CODE
  Segment part 3. NOT NEEDED.
           ENTRY                   ADDRESS         REF BY
           =====                   =======         ======
           cc120xGetTxStatus       
               calls direct
    -------------------------------------------------------------------------
CODE
  Segment part 2. NOT NEEDED.
           ENTRY                   ADDRESS         REF BY
           =====                   =======         ======
           cc120xGetRxStatus       
               calls direct
    -------------------------------------------------------------------------
CSTACK
  Segment part 1. NOT NEEDED.
    -------------------------------------------------------------------------
CODE
  Segment part 8. TENTATIVE. Used definition from adc10_a
           ENTRY                   ADDRESS         REF BY
           =====                   =======         ======
           ?setjmp_save_r4         
    -------------------------------------------------------------------------
CODE
  Segment part 9. TENTATIVE. Used definition from adc10_a
           ENTRY                   ADDRESS         REF BY
           =====                   =======         ======
           ?setjmp_save_r5         

    *************************************************************************

  FILE NAME : C:\Users\kieutq\Desktop\MSP430F5309_CC1200_UARTGateway\IAR\Debug\Obj\gpio.r43
  PROGRAM MODULE, NAME : gpio

  SEGMENTS IN THE MODULE
  ======================
DATA16_C
  Relative segment, address: A000 - A01B (0x1c bytes), align: 1
  Segment part 2.             Intra module refs:   GPIO_setAsOutputPin
                                                   GPIO_setOutputHighOnPin
                                                   GPIO_setOutputLowOnPin
           LOCAL                   ADDRESS         
           =====                   =======         
           GPIO_PORT_TO_BASE       A000 
    -------------------------------------------------------------------------
<CODE> 1 (was CODE)
  Relative segment, address: A33E - A367 (0x2a bytes), align: 1
  Segment part 18.
           ENTRY                   ADDRESS         REF BY
           =====                   =======         ======
           GPIO_setAsOutputPin     A33E            LED_Init (LEDs)
    -------------------------------------------------------------------------
CODE
  Segment part 17. NOT NEEDED.
           ENTRY                   ADDRESS         REF BY
           =====                   =======         ======
           GPIO_setAsInputPin      
    -------------------------------------------------------------------------
CODE
  Segment part 16. NOT NEEDED.
           ENTRY                   ADDRESS         REF BY
           =====                   =======         ======
           GPIO_setAsPeripheralModuleFunctionOutputPin
                                   
    -------------------------------------------------------------------------
CODE
  Segment part 15. NOT NEEDED.
           ENTRY                   ADDRESS         REF BY
           =====                   =======         ======
           GPIO_setAsPeripheralModuleFunctionInputPin
                                   
    -------------------------------------------------------------------------
<CODE> 1 (was CODE)
  Relative segment, address: A412 - A431 (0x20 bytes), align: 1
  Segment part 14.
           ENTRY                   ADDRESS         REF BY
           =====                   =======         ======
           GPIO_setOutputHighOnPin
                                   A412            LED_Init (LEDs)
                                                   LED_Toggle (LEDs)
                                                   LED_TurnOff (LEDs)
    -------------------------------------------------------------------------
<CODE> 1 (was CODE)
  Relative segment, address: A3F2 - A411 (0x20 bytes), align: 1
  Segment part 13.
           ENTRY                   ADDRESS         REF BY
           =====                   =======         ======
           GPIO_setOutputLowOnPin
                                   A3F2            LED_Toggle (LEDs)
                                                   LED_TurnOn (LEDs)
    -------------------------------------------------------------------------
CODE
  Segment part 12. NOT NEEDED.
           ENTRY                   ADDRESS         REF BY
           =====                   =======         ======
           GPIO_toggleOutputOnPin
                                   
    -------------------------------------------------------------------------
CODE
  Segment part 11. NOT NEEDED.
           ENTRY                   ADDRESS         REF BY
           =====                   =======         ======
           GPIO_setAsInputPinWithPullDownResistor
                                   
    -------------------------------------------------------------------------
CODE
  Segment part 10. NOT NEEDED.
           ENTRY                   ADDRESS         REF BY
           =====                   =======         ======
           GPIO_setAsInputPinWithPullUpResistor
                                   
    -------------------------------------------------------------------------
CODE
  Segment part 9. NOT NEEDED.
           ENTRY                   ADDRESS         REF BY
           =====                   =======         ======
           GPIO_getInputPinValue   
    -------------------------------------------------------------------------
CODE
  Segment part 8. NOT NEEDED.
           ENTRY                   ADDRESS         REF BY
           =====                   =======         ======
           GPIO_enableInterrupt    
    -------------------------------------------------------------------------
CODE
  Segment part 7. NOT NEEDED.
           ENTRY                   ADDRESS         REF BY
           =====                   =======         ======
           GPIO_disableInterrupt   
    -------------------------------------------------------------------------
CODE
  Segment part 6. NOT NEEDED.
           ENTRY                   ADDRESS         REF BY
           =====                   =======         ======
           GPIO_getInterruptStatus
                                   
    -------------------------------------------------------------------------
CODE
  Segment part 5. NOT NEEDED.
           ENTRY                   ADDRESS         REF BY
           =====                   =======         ======
           GPIO_clearInterrupt     
    -------------------------------------------------------------------------
CODE
  Segment part 4. NOT NEEDED.
           ENTRY                   ADDRESS         REF BY
           =====                   =======         ======
           GPIO_selectInterruptEdge
                                   
    -------------------------------------------------------------------------
CODE
  Segment part 3. NOT NEEDED.
           ENTRY                   ADDRESS         REF BY
           =====                   =======         ======
           GPIO_setDriveStrength   
    -------------------------------------------------------------------------
CSTACK
  Segment part 1. NOT NEEDED.
    -------------------------------------------------------------------------
CODE
  Segment part 19. TENTATIVE. Used definition from adc10_a
           ENTRY                   ADDRESS         REF BY
           =====                   =======         ======
           ?setjmp_save_r4         
    -------------------------------------------------------------------------
CODE
  Segment part 20. TENTATIVE. Used definition from adc10_a
           ENTRY                   ADDRESS         REF BY
           =====                   =======         ======
           ?setjmp_save_r5         

    *************************************************************************

  FILE NAME : C:\Users\kieutq\Desktop\MSP430F5309_CC1200_UARTGateway\IAR\Debug\Obj\hal_spi_rf_trxeb.r43
  PROGRAM MODULE, NAME : hal_spi_rf_trxeb

  SEGMENTS IN THE MODULE
  ======================
DATA16_AN
  Relative segment, address: 0220 - 0221 (0x2 bytes), align: 0
  Segment part 1. ROOT 
           ENTRY                   ADDRESS         REF BY
           =====                   =======         ======
           _A_PBIN_L               0220 
           LOCAL                   ADDRESS         
           =====                   =======         
           PBIN                    0220 
           PBIN_H                  0221 
           PBIN_L                  0220 
    -------------------------------------------------------------------------
DATA16_AN
  Relative segment, address: 0222 - 0223 (0x2 bytes), align: 0
  Segment part 2. ROOT 
           ENTRY                   ADDRESS         REF BY
           =====                   =======         ======
           _A_PBOUT_L              0222 
           LOCAL                   ADDRESS         
           =====                   =======         
           PBOUT                   0222 
           PBOUT_H                 0223 
           PBOUT_L                 0222 
    -------------------------------------------------------------------------
DATA16_AN
  Relative segment, address: 0224 - 0225 (0x2 bytes), align: 0
  Segment part 3. ROOT 
           ENTRY                   ADDRESS         REF BY
           =====                   =======         ======
           _A_PBDIR_L              0224 
           LOCAL                   ADDRESS         
           =====                   =======         
           PBDIR                   0224 
           PBDIR_H                 0225 
           PBDIR_L                 0224 
    -------------------------------------------------------------------------
DATA16_AN
  Segment part 4. TENTATIVE. Used definition from bsp_uart
           ENTRY                   ADDRESS         REF BY
           =====                   =======         ======
           _A_PBSEL_L              
           LOCAL                   ADDRESS         
           =====                   =======         
           PBSEL                   022A 
           PBSEL_H                 022B 
           PBSEL_L                 022A 
    -------------------------------------------------------------------------
DATA16_AN
  Relative segment, address: 0620 - 0621 (0x2 bytes), align: 0
  Segment part 5. ROOT 
           ENTRY                   ADDRESS         REF BY
           =====                   =======         ======
           _A_UCB1CTLW0_L          0620 
           LOCAL                   ADDRESS         
           =====                   =======         
           UCB1CTLW0               0620 
           UCB1CTLW0_H             0621 
           UCB1CTLW0_L             0620 
    -------------------------------------------------------------------------
DATA16_AN
  Relative segment, address: 0626 - 0627 (0x2 bytes), align: 0
  Segment part 6. ROOT 
           ENTRY                   ADDRESS         REF BY
           =====                   =======         ======
           _A_UCB1BRW_L            0626 
           LOCAL                   ADDRESS         
           =====                   =======         
           UCB1BRW                 0626 
           UCB1BRW_H               0627 
           UCB1BRW_L               0626 
    -------------------------------------------------------------------------
DATA16_AN
  Relative segment, address: 062C - 062C (0x1 bytes), align: 0
  Segment part 7. ROOT 
           ENTRY                   ADDRESS         REF BY
           =====                   =======         ======
           UCB1RXBUF               062C 
    -------------------------------------------------------------------------
DATA16_AN
  Relative segment, address: 062E - 062E (0x1 bytes), align: 0
  Segment part 8. ROOT 
           ENTRY                   ADDRESS         REF BY
           =====                   =======         ======
           UCB1TXBUF               062E 
    -------------------------------------------------------------------------
DATA16_AN
  Relative segment, address: 063C - 063D (0x2 bytes), align: 0
  Segment part 9. ROOT 
           ENTRY                   ADDRESS         REF BY
           =====                   =======         ======
           _A_UCB1ICTL_L           063C 
           LOCAL                   ADDRESS         
           =====                   =======         
           UCB1ICTL                063C 
           UCB1ICTL_H              063D 
           UCB1ICTL_L              063C 
    -------------------------------------------------------------------------
CODE
  Segment part 15. NOT NEEDED.
           ENTRY                   ADDRESS         REF BY
           =====                   =======         ======
           trxRfSpiInterfaceInit   
    -------------------------------------------------------------------------
CODE
  Segment part 14. NOT NEEDED.
           ENTRY                   ADDRESS         REF BY
           =====                   =======         ======
           trx8BitRegAccess        
               calls direct
    -------------------------------------------------------------------------
CODE
  Segment part 13. NOT NEEDED.
           ENTRY                   ADDRESS         REF BY
           =====                   =======         ======
           trx16BitRegAccess       
               calls direct
    -------------------------------------------------------------------------
CODE
  Segment part 12. NOT NEEDED.
           ENTRY                   ADDRESS         REF BY
           =====                   =======         ======
           trxSpiCmdStrobe         
    -------------------------------------------------------------------------
CODE
  Segment part 11. NOT NEEDED.
           LOCAL                   ADDRESS         
           =====                   =======         
           trxReadWriteBurstSingle
                                   
    -------------------------------------------------------------------------
CSTACK
  Segment part 10. NOT NEEDED.
    -------------------------------------------------------------------------
CODE
  Segment part 16. TENTATIVE. Used definition from adc10_a
           ENTRY                   ADDRESS         REF BY
           =====                   =======         ======
           ?setjmp_save_r4         
    -------------------------------------------------------------------------
CODE
  Segment part 17. TENTATIVE. Used definition from adc10_a
           ENTRY                   ADDRESS         REF BY
           =====                   =======         ======
           ?setjmp_save_r5         

    *************************************************************************

  FILE NAME : C:\Users\kieutq\Desktop\MSP430F5309_CC1200_UARTGateway\IAR\Debug\Obj\io_pin_int.r43
  PROGRAM MODULE, NAME : io_pin_int

  SEGMENTS IN THE MODULE
  ======================
DATA16_AN
  Relative segment, address: 0218 - 0219 (0x2 bytes), align: 0
  Segment part 1. ROOT 
           ENTRY                   ADDRESS         REF BY
           =====                   =======         ======
           _A_PAIES_L              0218 
           LOCAL                   ADDRESS         
           =====                   =======         
           PAIES                   0218 
           PAIES_H                 0219 
           PAIES_L                 0218 
    -------------------------------------------------------------------------
DATA16_AN
  Relative segment, address: 021A - 021B (0x2 bytes), align: 0
  Segment part 2. ROOT        Intra module refs:   ioPort1Isr
                                                   ioPort2Isr
           ENTRY                   ADDRESS         REF BY
           =====                   =======         ======
           _A_PAIE_L               021A 
           LOCAL                   ADDRESS         
           =====                   =======         
           PAIE                    021A 
           PAIE_H                  021B 
           PAIE_L                  021A 
    -------------------------------------------------------------------------
DATA16_AN
  Relative segment, address: 021C - 021D (0x2 bytes), align: 0
  Segment part 3. ROOT        Intra module refs:   ioPort1Isr
                                                   ioPort2Isr
           ENTRY                   ADDRESS         REF BY
           =====                   =======         ======
           _A_PAIFG_L              021C 
           LOCAL                   ADDRESS         
           =====                   =======         
           PAIFG                   021C 
           PAIFG_H                 021D 
           PAIFG_L                 021C 
    -------------------------------------------------------------------------
DATA16_Z
  Relative segment, address: 1D49 - 1D49 (0x1 bytes), align: 0
  Segment part 7.             Intra module refs:   ioPort1Isr
           LOCAL                   ADDRESS         
           =====                   =======         
           ioPort1PinHasIsr        1D49 
    -------------------------------------------------------------------------
DATA16_Z
  Relative segment, address: 1D4A - 1D4A (0x1 bytes), align: 0
  Segment part 8.             Intra module refs:   ioPort2Isr
           LOCAL                   ADDRESS         
           =====                   =======         
           ioPort2PinHasIsr        1D4A 
    -------------------------------------------------------------------------
DATA16_Z
  Relative segment, address: 1C08 - 1C27 (0x20 bytes), align: 1
  Segment part 9.             Intra module refs:   ioPort1Isr
           LOCAL                   ADDRESS         
           =====                   =======         
           ioPort1IsrTable         1C08 
    -------------------------------------------------------------------------
DATA16_Z
  Relative segment, address: 1C28 - 1C47 (0x20 bytes), align: 1
  Segment part 10.            Intra module refs:   ioPort2Isr
           LOCAL                   ADDRESS         
           =====                   =======         
           ioPort2IsrTable         1C28 
    -------------------------------------------------------------------------
CODE
  Segment part 19. NOT NEEDED.
           ENTRY                   ADDRESS         REF BY
           =====                   =======         ======
           ioPinIntRegister        
    -------------------------------------------------------------------------
CODE
  Segment part 18. NOT NEEDED.
           ENTRY                   ADDRESS         REF BY
           =====                   =======         ======
           ioPinIntUnregister      
               calls direct
    -------------------------------------------------------------------------
CODE
  Segment part 17. NOT NEEDED.
           ENTRY                   ADDRESS         REF BY
           =====                   =======         ======
           ioPinIntEnable          
    -------------------------------------------------------------------------
CODE
  Segment part 16. NOT NEEDED.
           ENTRY                   ADDRESS         REF BY
           =====                   =======         ======
           ioPinIntDisable         
    -------------------------------------------------------------------------
CODE
  Segment part 15. NOT NEEDED.
           ENTRY                   ADDRESS         REF BY
           =====                   =======         ======
           ioPinIntTypeSet         
    -------------------------------------------------------------------------
CODE
  Segment part 14. NOT NEEDED.
           ENTRY                   ADDRESS         REF BY
           =====                   =======         ======
           ioPinIntStatus          
    -------------------------------------------------------------------------
CODE
  Segment part 13. NOT NEEDED.
           ENTRY                   ADDRESS         REF BY
           =====                   =======         ======
           ioPinIntClear           
    -------------------------------------------------------------------------
ISR_CODE
  Relative segment, address: A07C - A0DF (0x64 bytes), align: 1
  Segment part 12.            Intra module refs:   ioPort1Isr::??INTVEC 94
           ENTRY                   ADDRESS         REF BY
           =====                   =======         ======
           ioPort1Isr              A07C 
               interrupt function
               calls indirect
    -------------------------------------------------------------------------
ISR_CODE
  Relative segment, address: A0E0 - A143 (0x64 bytes), align: 1
  Segment part 11.            Intra module refs:   ioPort2Isr::??INTVEC 84
           ENTRY                   ADDRESS         REF BY
           =====                   =======         ======
           ioPort2Isr              A0E0 
               interrupt function
               calls indirect
    -------------------------------------------------------------------------
INTVEC
  Common segment, address: FF80 - FFD5 (0x56 bytes), align: 1
  Segment part 4. ROOT 
           ENTRY                   ADDRESS         REF BY
           =====                   =======         ======
           ioPort2Isr::??INTVEC 84
                                   FFD4 
    -------------------------------------------------------------------------
INTVEC
  Common segment, address: FF80 - FFDF (0x60 bytes), align: 1
  Segment part 5. ROOT 
           ENTRY                   ADDRESS         REF BY
           =====                   =======         ======
           ioPort1Isr::??INTVEC 94
                                   FFDE 
    -------------------------------------------------------------------------
CSTACK
  Segment part 6. NOT NEEDED.
    -------------------------------------------------------------------------
CODE
  Segment part 20. TENTATIVE. Used definition from adc10_a
           ENTRY                   ADDRESS         REF BY
           =====                   =======         ======
           ?setjmp_save_r4         
    -------------------------------------------------------------------------
CODE
  Segment part 21. TENTATIVE. Used definition from adc10_a
           ENTRY                   ADDRESS         REF BY
           =====                   =======         ======
           ?setjmp_save_r5         

    *************************************************************************

  FILE NAME : C:\Users\kieutq\Desktop\MSP430F5309_CC1200_UARTGateway\IAR\Debug\Obj\LEDs.r43
  PROGRAM MODULE, NAME : LEDs

  SEGMENTS IN THE MODULE
  ======================
DATA16_C
  Relative segment, address: A01C - A02B (0x10 bytes), align: 1
  Segment part 2.
           ENTRY                   ADDRESS         REF BY
           =====                   =======         ======
           LED_API                 A01C            main (main)
    -------------------------------------------------------------------------
DATA16_Z
  Relative segment, address: 1C48 - 1C49 (0x2 bytes), align: 1
  Segment part 3.             Intra module refs:   LED_Init
                                                   LED_Toggle
                                                   LED_TurnOff
                                                   LED_TurnOn
           ENTRY                   ADDRESS         REF BY
           =====                   =======         ======
           led1                    1C48 
    -------------------------------------------------------------------------
<CODE> 1 (was CODE)
  Relative segment, address: A4AC - A4C5 (0x1a bytes), align: 1
  Segment part 7.             Intra module refs:   LED_API
           LOCAL                   ADDRESS         
           =====                   =======         
           LED_Init                A4AC 
               calls direct
    -------------------------------------------------------------------------
<CODE> 1 (was CODE)
  Relative segment, address: A3B2 - A3D1 (0x20 bytes), align: 1
  Segment part 6.             Intra module refs:   LED_API
           LOCAL                   ADDRESS         
           =====                   =======         
           LED_TurnOn              A3B2 
               calls direct
    -------------------------------------------------------------------------
<CODE> 1 (was CODE)
  Relative segment, address: A3D2 - A3F1 (0x20 bytes), align: 1
  Segment part 5.             Intra module refs:   LED_API
           LOCAL                   ADDRESS         
           =====                   =======         
           LED_TurnOff             A3D2 
               calls direct
    -------------------------------------------------------------------------
<CODE> 1 (was CODE)
  Relative segment, address: A2E4 - A311 (0x2e bytes), align: 1
  Segment part 4.             Intra module refs:   LED_API
           LOCAL                   ADDRESS         
           =====                   =======         
           LED_Toggle              A2E4 
               calls direct
    -------------------------------------------------------------------------
CSTACK
  Segment part 1. NOT NEEDED.
    -------------------------------------------------------------------------
CODE
  Segment part 8. TENTATIVE. Used definition from adc10_a
           ENTRY                   ADDRESS         REF BY
           =====                   =======         ======
           ?setjmp_save_r4         
    -------------------------------------------------------------------------
CODE
  Segment part 9. TENTATIVE. Used definition from adc10_a
           ENTRY                   ADDRESS         REF BY
           =====                   =======         ======
           ?setjmp_save_r5         

    *************************************************************************

  FILE NAME : C:\Users\kieutq\Desktop\MSP430F5309_CC1200_UARTGateway\IAR\Debug\Obj\main.r43
  PROGRAM MODULE, NAME : main

  SEGMENTS IN THE MODULE
  ======================
<CODE> 1 (was CODE)
  Relative segment, address: A144 - A1EB (0xa8 bytes), align: 1
  Segment part 5.
           ENTRY                   ADDRESS         REF BY
           =====                   =======         ======
           main                    A144            Segment part 26 (?cstart)
               calls direct and indirect
    -------------------------------------------------------------------------
CSTACK
  Segment part 1. NOT NEEDED.
    -------------------------------------------------------------------------
CODE
  Segment part 6. TENTATIVE. Used definition from adc10_a
           ENTRY                   ADDRESS         REF BY
           =====                   =======         ======
           ?setjmp_save_r4         
    -------------------------------------------------------------------------
CODE
  Segment part 7. TENTATIVE. Used definition from adc10_a
           ENTRY                   ADDRESS         REF BY
           =====                   =======         ======
           ?setjmp_save_r5         
    -------------------------------------------------------------------------
DATA16_C
  Relative segment, address: A02C - A03A (0xf bytes), align: 0
  Segment part 2.             Intra module refs:   main
    -------------------------------------------------------------------------
DATA16_C
  Relative segment, address: A03B - A03E (0x4 bytes), align: 0
  Segment part 3.             Intra module refs:   main
    -------------------------------------------------------------------------
DATA16_C
  Relative segment, address: A03F - A043 (0x5 bytes), align: 0
  Segment part 4.             Intra module refs:   main

    *************************************************************************

  FILE NAME : C:\Users\kieutq\Desktop\MSP430F5309_CC1200_UARTGateway\IAR\Debug\Obj\relays.r43
  PROGRAM MODULE, NAME : relays

  SEGMENTS IN THE MODULE
  ======================
DATA16_AN
  Relative segment, address: 0242 - 0243 (0x2 bytes), align: 0
  Segment part 1. ROOT        Intra module refs:   Relay_Init
                                                   Relay_Off
                                                   Relay_On
                                                   Relay_Toggle
           ENTRY                   ADDRESS         REF BY
           =====                   =======         ======
           _A_PCOUT_L              0242 
           LOCAL                   ADDRESS         
           =====                   =======         
           PCOUT                   0242 
           PCOUT_H                 0243 
           PCOUT_L                 0242 
    -------------------------------------------------------------------------
DATA16_AN
  Relative segment, address: 0244 - 0245 (0x2 bytes), align: 0
  Segment part 2. ROOT        Intra module refs:   Relay_Init
           ENTRY                   ADDRESS         REF BY
           =====                   =======         ======
           _A_PCDIR_L              0244 
           LOCAL                   ADDRESS         
           =====                   =======         
           PCDIR                   0244 
           PCDIR_H                 0245 
           PCDIR_L                 0244 
    -------------------------------------------------------------------------
DATA16_AN
  Segment part 3. TENTATIVE. Used definition from bsp
           ENTRY                   ADDRESS         REF BY
           =====                   =======         ======
           _A_PCSEL_L              
           LOCAL                   ADDRESS         
           =====                   =======         
           PCSEL                   024A 
           PCSEL_H                 024B 
           PCSEL_L                 024A 
    -------------------------------------------------------------------------
<CODE> 1 (was CODE)
  Relative segment, address: A4DC - A4F1 (0x16 bytes), align: 1
  Segment part 10.
           ENTRY                   ADDRESS         REF BY
           =====                   =======         ======
           Relay_Init              A4DC            main (main)
    -------------------------------------------------------------------------
DATA16_Z
  Relative segment, address: 1D4B - 1D4B (0x1 bytes), align: 0
  Segment part 5.             Intra module refs:   Relay_Off
                                                   Relay_On
                                                   Relay_Toggle
           LOCAL                   ADDRESS         
           =====                   =======         
           relay1_state            1D4B 
    -------------------------------------------------------------------------
DATA16_Z
  Relative segment, address: 1D4C - 1D4C (0x1 bytes), align: 0
  Segment part 6.             Intra module refs:   Relay_Off
                                                   Relay_On
                                                   Relay_Toggle
           LOCAL                   ADDRESS         
           =====                   =======         
           relay2_state            1D4C 
    -------------------------------------------------------------------------
<CODE> 1 (was CODE)
  Relative segment, address: A452 - A46F (0x1e bytes), align: 1
  Segment part 9.
           ENTRY                   ADDRESS         REF BY
           =====                   =======         ======
           Relay_On                A452            main (main)
    -------------------------------------------------------------------------
<CODE> 1 (was CODE)
  Relative segment, address: A470 - A48D (0x1e bytes), align: 1
  Segment part 8.
           ENTRY                   ADDRESS         REF BY
           =====                   =======         ======
           Relay_Off               A470            main (main)
    -------------------------------------------------------------------------
<CODE> 1 (was CODE)
  Relative segment, address: A2A6 - A2E3 (0x3e bytes), align: 1
  Segment part 7.
           ENTRY                   ADDRESS         REF BY
           =====                   =======         ======
           Relay_Toggle            A2A6            main (main)
    -------------------------------------------------------------------------
CSTACK
  Segment part 4. NOT NEEDED.
    -------------------------------------------------------------------------
CODE
  Segment part 11. TENTATIVE. Used definition from adc10_a
           ENTRY                   ADDRESS         REF BY
           =====                   =======         ======
           ?setjmp_save_r4         
    -------------------------------------------------------------------------
CODE
  Segment part 12. TENTATIVE. Used definition from adc10_a
           ENTRY                   ADDRESS         REF BY
           =====                   =======         ======
           ?setjmp_save_r5         

    *************************************************************************

  FILE NAME : C:\Users\kieutq\Desktop\MSP430F5309_CC1200_UARTGateway\IAR\Debug\Obj\rf_conf.r43
  PROGRAM MODULE, NAME : rf_conf

  SEGMENTS IN THE MODULE
  ======================
DATA16_AN
  Relative segment, address: 0204 - 0205 (0x2 bytes), align: 0
  Segment part 1. ROOT 
           ENTRY                   ADDRESS         REF BY
           =====                   =======         ======
           _A_PADIR_L              0204 
           LOCAL                   ADDRESS         
           =====                   =======         
           PADIR                   0204 
           PADIR_H                 0205 
           PADIR_L                 0204 
    -------------------------------------------------------------------------
DATA16_AN
  Relative segment, address: 020A - 020B (0x2 bytes), align: 0
  Segment part 2. ROOT 
           ENTRY                   ADDRESS         REF BY
           =====                   =======         ======
           _A_PASEL_L              020A 
           LOCAL                   ADDRESS         
           =====                   =======         
           PASEL                   020A 
           PASEL_H                 020B 
           PASEL_L                 020A 
    -------------------------------------------------------------------------
DATA16_AN
  Segment part 3. TENTATIVE. Used definition from relays
           ENTRY                   ADDRESS         REF BY
           =====                   =======         ======
           _A_PCOUT_L              
           LOCAL                   ADDRESS         
           =====                   =======         
           PCOUT                   0242 
           PCOUT_H                 0243 
           PCOUT_L                 0242 
    -------------------------------------------------------------------------
DATA16_AN
  Segment part 4. TENTATIVE. Used definition from relays
           ENTRY                   ADDRESS         REF BY
           =====                   =======         ======
           _A_PCDIR_L              
           LOCAL                   ADDRESS         
           =====                   =======         
           PCDIR                   0244 
           PCDIR_H                 0245 
           PCDIR_L                 0244 
    -------------------------------------------------------------------------
DATA16_AN
  Segment part 5. TENTATIVE. Used definition from bsp
           ENTRY                   ADDRESS         REF BY
           =====                   =======         ======
           _A_PCSEL_L              
           LOCAL                   ADDRESS         
           =====                   =======         
           PCSEL                   024A 
           PCSEL_H                 024B 
           PCSEL_L                 024A 
    -------------------------------------------------------------------------
DATA16_C
  Segment part 7. NOT NEEDED.
           LOCAL                   ADDRESS         
           =====                   =======         
           preferredSettings       
    -------------------------------------------------------------------------
DATA16_Z
  Segment part 8. NOT NEEDED.
           LOCAL                   ADDRESS         
           =====                   =======         
           packetSemaphore         
    -------------------------------------------------------------------------
CODE
  Segment part 19. NOT NEEDED.
           ENTRY                   ADDRESS         REF BY
           =====                   =======         ======
           RF_Config               
               calls direct
    -------------------------------------------------------------------------
CODE
  Segment part 18. NOT NEEDED.
           ENTRY                   ADDRESS         REF BY
           =====                   =======         ======
           RF_Send                 
               calls direct
    -------------------------------------------------------------------------
CODE
  Segment part 17. NOT NEEDED.
           LOCAL                   ADDRESS         
           =====                   =======         
           radioTxRxISR            
               calls direct
    -------------------------------------------------------------------------
CODE
  Segment part 16. NOT NEEDED.
           ENTRY                   ADDRESS         REF BY
           =====                   =======         ======
           RF_Recv                 
               calls direct
    -------------------------------------------------------------------------
CODE
  Segment part 15. NOT NEEDED.
           ENTRY                   ADDRESS         REF BY
           =====                   =======         ======
           PaEnable                
    -------------------------------------------------------------------------
CODE
  Segment part 14. NOT NEEDED.
           ENTRY                   ADDRESS         REF BY
           =====                   =======         ======
           LnaEnable               
    -------------------------------------------------------------------------
CODE
  Segment part 13. NOT NEEDED.
           ENTRY                   ADDRESS         REF BY
           =====                   =======         ======
           PaDisable               
    -------------------------------------------------------------------------
CODE
  Segment part 12. NOT NEEDED.
           ENTRY                   ADDRESS         REF BY
           =====                   =======         ======
           LnaDisable              
    -------------------------------------------------------------------------
CODE
  Segment part 11. NOT NEEDED.
           ENTRY                   ADDRESS         REF BY
           =====                   =======         ======
           HgmEnable               
    -------------------------------------------------------------------------
CODE
  Segment part 10. NOT NEEDED.
           ENTRY                   ADDRESS         REF BY
           =====                   =======         ======
           HgmDisable              
    -------------------------------------------------------------------------
CODE
  Segment part 9. NOT NEEDED.
           ENTRY                   ADDRESS         REF BY
           =====                   =======         ======
           registerConfig          
               calls direct
    -------------------------------------------------------------------------
CSTACK
  Segment part 6. NOT NEEDED.
    -------------------------------------------------------------------------
CODE
  Segment part 20. TENTATIVE. Used definition from adc10_a
           ENTRY                   ADDRESS         REF BY
           =====                   =======         ======
           ?setjmp_save_r4         
    -------------------------------------------------------------------------
CODE
  Segment part 21. TENTATIVE. Used definition from adc10_a
           ENTRY                   ADDRESS         REF BY
           =====                   =======         ======
           ?setjmp_save_r5         

    *************************************************************************

  FILE NAME : C:\Program Files (x86)\IAR Systems\Embedded Workbench 7.2\430\lib\dlib\dl430xlsfn.r43
  LIBRARY MODULE, NAME : ?abort

  SEGMENTS IN THE MODULE
  ======================
CODE
  Segment part 2. NOT NEEDED.
           ENTRY                   ADDRESS         REF BY
           =====                   =======         ======
           abort                   
               calls direct
    -------------------------------------------------------------------------
CSTACK
  Segment part 1. NOT NEEDED.

    -------------------------------------------------------------------------
  LIBRARY MODULE, NAME : ?__dbg_break

  SEGMENTS IN THE MODULE
  ======================
<CODE> 1 (was CODE)
  Relative segment, address: A51E - A51F (0x2 bytes), align: 1
  Segment part 2.
           ENTRY                   ADDRESS         REF BY
           =====                   =======         ======
           __DebugBreak            A51E            __exit (?__exit)
    -------------------------------------------------------------------------
CSTACK
  Segment part 1. NOT NEEDED.

    -------------------------------------------------------------------------
  LIBRARY MODULE, NAME : ?__dwrite

  SEGMENTS IN THE MODULE
  ======================
CODE
  Segment part 2. NOT NEEDED.
           ENTRY                   ADDRESS         REF BY
           =====                   =======         ======
           __dwrite                
               calls direct
    -------------------------------------------------------------------------
CSTACK
  Segment part 1. NOT NEEDED.

    -------------------------------------------------------------------------
  LIBRARY MODULE, NAME : ?__exit

  SEGMENTS IN THE MODULE
  ======================
<CODE> 1 (was CODE)
  Relative segment, address: A4C6 - A4DB (0x16 bytes), align: 1
  Segment part 2.
           ENTRY                   ADDRESS         REF BY
           =====                   =======         ======
           __exit                  A4C6            Segment part 6 (?_exit)
                                                   _exit (?_exit)
               calls direct
    -------------------------------------------------------------------------
CSTACK
  Segment part 1. NOT NEEDED.

    -------------------------------------------------------------------------
  LIBRARY MODULE, NAME : ?__write

  SEGMENTS IN THE MODULE
  ======================
CODE
  Segment part 2. NOT NEEDED.
           ENTRY                   ADDRESS         REF BY
           =====                   =======         ======
           __write                 
               calls direct
    -------------------------------------------------------------------------
CSTACK
  Segment part 1. NOT NEEDED.

    -------------------------------------------------------------------------
  LIBRARY MODULE, NAME : ?_exit

  SEGMENTS IN THE MODULE
  ======================
<CODE> 1 (was CODE)
  Relative segment, address: A51A, align: 1
  Segment part 0.
           ENTRY                   ADDRESS         REF BY
           =====                   =======         ======
           _exit                   A51A            exit (?exit)
    -------------------------------------------------------------------------
CODE
  Segment part 1. NOT NEEDED.
[...]
           ENTRY                   ADDRESS         REF BY
           =====                   =======         ======
           ?cstart_init_zero20     
    -------------------------------------------------------------------------
CSTART
  Segment part 22. NOT NEEDED.
           ENTRY                   ADDRESS         REF BY
           =====                   =======         ======
           ?cstart_init_copy20     
    -------------------------------------------------------------------------
CSTART
  Segment part 23. NOT NEEDED.
           ENTRY                   ADDRESS         REF BY
           =====                   =======         ======
           __cstart_init_tls       
    -------------------------------------------------------------------------
DIFUNCT
  Segment part 24. NOT NEEDED.
    -------------------------------------------------------------------------
CSTART
  Segment part 25. NOT NEEDED.
           ENTRY                   ADDRESS         REF BY
           =====                   =======         ======
           ?cstart_call_ctors      
    -------------------------------------------------------------------------
CSTART
  Relative segment, address: A054 - A05B (0x8 bytes), align: 1
  Segment part 26.            Intra module refs:   Segment part 15
           ENTRY                   ADDRESS         REF BY
           =====                   =======         ======
           ?cstart_call_main       A054 
           ?cstart_end             A05C 
    -------------------------------------------------------------------------
CODE_ID
  Relative segment, address: A144, align: 1
  Segment part 27.            Intra module refs:   Segment part 5
    -------------------------------------------------------------------------
TLS16_ID
  Segment part 28. NOT NEEDED.

    -------------------------------------------------------------------------
  LIBRARY MODULE, NAME : lowinit

  SEGMENTS IN THE MODULE
  ======================
CODE
  Segment part 0. NOT NEEDED.
           ENTRY                   ADDRESS         REF BY
           =====                   =======         ======
           __low_level_init        

    -------------------------------------------------------------------------
  LIBRARY MODULE, NAME : ?reset_vector

  SEGMENTS IN THE MODULE
  ======================
RESET
  Relative segment, address: FFFE - FFFF (0x2 bytes), align: 1
  Segment part 0.
           ENTRY                   ADDRESS         REF BY
           =====                   =======         ======
           ?reset_vector           FFFE            Segment part 15 (?cstart)

    -------------------------------------------------------------------------
  LIBRARY MODULE, NAME : ?exit

  SEGMENTS IN THE MODULE
  ======================
<CODE> 1 (was CODE)
  Relative segment, address: A516 - A519 (0x4 bytes), align: 1
  Segment part 2.
           ENTRY                   ADDRESS         REF BY
           =====                   =======         ======
           exit                    A516            Segment part 26 (?cstart)
               calls direct
    -------------------------------------------------------------------------
CSTACK
  Segment part 1. NOT NEEDED.

    -------------------------------------------------------------------------
  LIBRARY MODULE, NAME : ?malloc

  SEGMENTS IN THE MODULE
  ======================
CODE
  Segment part 2. NOT NEEDED.
           ENTRY                   ADDRESS         REF BY
           =====                   =======         ======
           malloc                  
               calls direct
    -------------------------------------------------------------------------
CSTACK
  Segment part 1. NOT NEEDED.

    -------------------------------------------------------------------------
  LIBRARY MODULE, NAME : ?memcmp

  SEGMENTS IN THE MODULE
  ======================
<CODE> 1 (was CODE)
  Relative segment, address: A432 - A451 (0x20 bytes), align: 1
  Segment part 2.
           ENTRY                   ADDRESS         REF BY
           =====                   =======         ======
           memcmp                  A432            main (main)
    -------------------------------------------------------------------------
CSTACK
  Segment part 1. NOT NEEDED.

    -------------------------------------------------------------------------
  LIBRARY MODULE, NAME : ?memcpy

  SEGMENTS IN THE MODULE
  ======================
<CODE> 1 (was CODE)
  Relative segment, address: A4F2 - A503 (0x12 bytes), align: 1
  Segment part 2.
           ENTRY                   ADDRESS         REF BY
           =====                   =======         ======
           memcpy                  A4F2            bspUartDataGet (bsp_uart)
    -------------------------------------------------------------------------
CSTACK
  Segment part 1. NOT NEEDED.

    -------------------------------------------------------------------------
  LIBRARY MODULE, NAME : ?memmove

  SEGMENTS IN THE MODULE
  ======================
CODE
  Segment part 2. NOT NEEDED.
           ENTRY                   ADDRESS         REF BY
           =====                   =======         ======
           memmove                 
    -------------------------------------------------------------------------
CSTACK
  Segment part 1. NOT NEEDED.

    -------------------------------------------------------------------------
  LIBRARY MODULE, NAME : ?memzero

  SEGMENTS IN THE MODULE
  ======================
<CODE> 1 (was CODE)
  Relative segment, address: A504 - A515 (0x12 bytes), align: 1
  Segment part 4.
           ENTRY                   ADDRESS         REF BY
           =====                   =======         ======
           __data16_memzero        A504            ?cstart_init_zero (?cstart)
    -------------------------------------------------------------------------
CODE
  Segment part 3. NOT NEEDED.
           ENTRY                   ADDRESS         REF BY
           =====                   =======         ======
           __data16_memcpy         
               calls direct
    -------------------------------------------------------------------------
CODE
  Segment part 2. NOT NEEDED.
           ENTRY                   ADDRESS         REF BY
           =====                   =======         ======
           __data16_memmove        
               calls direct
    -------------------------------------------------------------------------
CSTACK
  Segment part 1. NOT NEEDED.

    -------------------------------------------------------------------------
  LIBRARY MODULE, NAME : ?MpuInit

  SEGMENTS IN THE MODULE
  ======================
MPU_B1
  Segment part 0. NOT NEEDED.
    -------------------------------------------------------------------------
MPU_B2
  Segment part 1. NOT NEEDED.
    -------------------------------------------------------------------------
CODE
  Segment part 2. NOT NEEDED.
           ENTRY                   ADDRESS         REF BY
           =====                   =======         ======
           __iar_430_mpu_init      
    -------------------------------------------------------------------------
CODE
  Segment part 3. NOT NEEDED.
           ENTRY                   ADDRESS         REF BY
           =====                   =======         ======
           ?mpu1_4k_init           
    -------------------------------------------------------------------------
CODE
  Segment part 4. NOT NEEDED.
           ENTRY                   ADDRESS         REF BY
           =====                   =======         ======
           ?mpu1_8k_init           
    -------------------------------------------------------------------------
CODE
  Segment part 5. NOT NEEDED.
           ENTRY                   ADDRESS         REF BY
           =====                   =======         ======
           ?mpu1_16k_init          
    -------------------------------------------------------------------------
CODE
  Segment part 6. NOT NEEDED.
           ENTRY                   ADDRESS         REF BY
           =====                   =======         ======
           ?mpu2_init              
    -------------------------------------------------------------------------
MPU_B1
  Segment part 7. NOT NEEDED.
    -------------------------------------------------------------------------
MPU_B2
  Segment part 8. NOT NEEDED.
    -------------------------------------------------------------------------
MPU_B1
  Segment part 9. NOT NEEDED.
    -------------------------------------------------------------------------
MPU_B2
  Segment part 10. NOT NEEDED.
    -------------------------------------------------------------------------
MPU_B1
  Segment part 11. NOT NEEDED.
    -------------------------------------------------------------------------
MPU_B2
  Segment part 12. NOT NEEDED.
    -------------------------------------------------------------------------
MPU_B1
  Segment part 13. NOT NEEDED.
    -------------------------------------------------------------------------
MPU_B2
  Segment part 14. NOT NEEDED.
    -------------------------------------------------------------------------
CODE_PAD
  Segment part 15. NOT NEEDED.

    -------------------------------------------------------------------------
  LIBRARY MODULE, NAME : ?setjmp

  SEGMENTS IN THE MODULE
  ======================
CODE
  Segment part 0. NOT NEEDED.
           ENTRY                   ADDRESS         REF BY
           =====                   =======         ======
           setjmp                  
    -------------------------------------------------------------------------
CODE
  Segment part 1. NOT NEEDED.
           ENTRY                   ADDRESS         REF BY
           =====                   =======         ======
           ?setjmp_r5              
    -------------------------------------------------------------------------
CODE
  Segment part 2. NOT NEEDED.
           ENTRY                   ADDRESS         REF BY
           =====                   =======         ======
           ?setjmp_r4              
    -------------------------------------------------------------------------
CODE
  Segment part 3. NOT NEEDED.
           ENTRY                   ADDRESS         REF BY
           =====                   =======         ======
           ?setjmp_end             

    -------------------------------------------------------------------------
  LIBRARY MODULE, NAME : ?longjmp

  SEGMENTS IN THE MODULE
  ======================
CODE
  Segment part 0. NOT NEEDED.
           ENTRY                   ADDRESS         REF BY
           =====                   =======         ======
           longjmp                 
    -------------------------------------------------------------------------
CODE
  Segment part 1. NOT NEEDED.
           ENTRY                   ADDRESS         REF BY
           =====                   =======         ======
           ?longjmp_r5             
    -------------------------------------------------------------------------
CODE
  Segment part 2. NOT NEEDED.
           ENTRY                   ADDRESS         REF BY
           =====                   =======         ======
           ?longjmp_r4             
    -------------------------------------------------------------------------
CODE
  Segment part 3. NOT NEEDED.
           ENTRY                   ADDRESS         REF BY
           =====                   =======         ======
           ?longjmp_end            

    -------------------------------------------------------------------------
  LIBRARY MODULE, NAME : ?IndCallR11

  SEGMENTS IN THE MODULE
  ======================
CODE
  Segment part 0. NOT NEEDED.
           ENTRY                   ADDRESS         REF BY
           =====                   =======         ======
           ?IndCallR11             

    -------------------------------------------------------------------------
  LIBRARY MODULE, NAME : ?IndCallR15

  SEGMENTS IN THE MODULE
  ======================
CODE
  Segment part 0. NOT NEEDED.
           ENTRY                   ADDRESS         REF BY
           =====                   =======         ======
           ?IndCallR15             

    -------------------------------------------------------------------------
  LIBRARY MODULE, NAME : ?xcloseall

  SEGMENTS IN THE MODULE
  ======================
CODE
  Segment part 2. NOT NEEDED.
           ENTRY                   ADDRESS         REF BY
           =====                   =======         ======
           _Close_all              
               calls direct
    -------------------------------------------------------------------------
CSTACK
  Segment part 1. NOT NEEDED.

    -------------------------------------------------------------------------
  LIBRARY MODULE, NAME : ?xgetmemchunk

  SEGMENTS IN THE MODULE
  ======================
CODE
  Segment part 3. NOT NEEDED.
           ENTRY                   ADDRESS         REF BY
           =====                   =======         ======
           __data16_GetMemChunk    
    -------------------------------------------------------------------------
DATA16_Z
  Segment part 2. NOT NEEDED.
    -------------------------------------------------------------------------
CSTACK
  Segment part 1. NOT NEEDED.
    -------------------------------------------------------------------------
DATA16_HEAP
  Segment part 4. NOT NEEDED.

    -------------------------------------------------------------------------
  LIBRARY MODULE, NAME : ?xxmemxfree

  SEGMENTS IN THE MODULE
  ======================
CODE
  Segment part 2. NOT NEEDED.
           ENTRY                   ADDRESS         REF BY
           =====                   =======         ======
           __data16_free           
    -------------------------------------------------------------------------
CSTACK
  Segment part 1. NOT NEEDED.

    -------------------------------------------------------------------------
  LIBRARY MODULE, NAME : ?xxmemxmalloc

  SEGMENTS IN THE MODULE
  ======================
DATA16_Z
  Segment part 2. NOT NEEDED.
           ENTRY                   ADDRESS         REF BY
           =====                   =======         ======
           __data16_Aldata         
    -------------------------------------------------------------------------
CODE
  Segment part 4. NOT NEEDED.
           LOCAL                   ADDRESS         
           =====                   =======         
           __data16_findmem        
               calls direct
    -------------------------------------------------------------------------
CODE
  Segment part 3. NOT NEEDED.
           ENTRY                   ADDRESS         REF BY
           =====                   =======         ======
           __data16_malloc         
               calls direct
    -------------------------------------------------------------------------
CSTACK
  Segment part 1. NOT NEEDED.




                ****************************************
                *                                      *
                *            MODULE SUMMARY            *
                *                                      *
                ****************************************

Module               CODE      DATA      CONST
------               ----      ----      -----
                    (Rel)  (Rel)  (Abs)  (Rel)
?__dbg_break            2
?__exit                22
?_exit                  4
?cstart                24
?exit                   4
?memcmp                32
?memcpy                18
?memzero               18
?reset_vector           2
LEDs                  136      2            16
bsp                   220      4     24
  + shared                            2
bsp_uart              146    259     11
  + shared             94             2
  + common
gpio                  106                   28
hal_spi_rf_trxeb                     14
io_pin_int            200     66      6
  + common             96
main                  168                   24
relays                144      2
  + shared                            4
rf_conf                               4
N/A (command line)           240
N/A (alignment)
----------          -----    ---     --     --
Total:              1 246    573     67     68
  + common             96


                ****************************************
                *                                      *
                *      SEGMENTS IN ADDRESS ORDER       *
                *                                      *
                ****************************************


SEGMENT              SPACE    START ADDRESS   END ADDRESS     SIZE  TYPE  ALIGN
=======              =====    =============   ===========     ====  ====  =====
DATA16_AN                              0102 - 0103               2   rel    0
                                       0120 - 0121               2 
                                       0124 - 0127               4 
                                       012C - 012D               2 
                                       015C - 015D               2 
                                       0160 - 0169               A 
                                       016E - 016F               2 
                                       0204 - 0205               2 
                                       020A - 020B               2 
                                       0218 - 021D               6 
                                       0220 - 0225               6 
                                       022A - 022B               2 
                                       0242 - 0245               4 
                                       024A - 024B               2 
                                       0600 - 0601               2 
                                       0606 - 0608               3 
                                       060C - 060C               1 
                                       060E - 060E               1 
                                       061C - 0621               6 
                                       0626 - 0627               2 
                                       062C - 062C               1 
                                       062E - 062E               1 
                                       063C - 063D               2 
DATA16_I                                  1C00                       dse    0
DATA16_Z                               1C00 - 1D4C             14D   rel    1
DATA20_I                                  1D4E                       rel    1
DATA20_Z                                  1D4E                       rel    1
DATA20_N                                  1D4E                       rel    1
CODE_I                                    1D4E                       rel    1
DATA20_HEAP                            1D4E - 1D9D              50   rel    1
CSTACK                                 3360 - 33FF              A0   rel    1
DATA16_C                               A000 - A043              44   rel    1
DATA20_ID                                 A044                       rel    1
DATA20_C                                  A044                       rel    1
CSTART                                 A044 - A05B              18   rel    1
ISR_CODE                               A05C - A143              E8   rel    1
CODE_ID                                   A144                       rel    1
<CODE> 1                               A144 - A51F             3DC   rel    1
INTVEC                                 FF80 - FFDF              60   com    1
RESET                                  FFFE - FFFF               2   rel    1

                ****************************************
                *                                      *
                *        END OF CROSS REFERENCE        *
                *                                      *
                ****************************************

 1 342 bytes of CODE  memory
   573 bytes of DATA  memory (+ 67 absolute )
    68 bytes of CONST memory

Errors: none
Warnings: none

